/Users/sunilsinghrathode/Desktop/Desktop/VS/Tracker/ai_service.py:7: FutureWarning: 

All support for the `google.generativeai` package has ended. It will no longer be receiving 
updates or bug fixes. Please switch to the `google.genai` package as soon as possible.
See README for more details:

https://github.com/google-gemini/deprecated-generative-ai-python/blob/main/README.md

  import google.generativeai as genai
/Users/sunilsinghrathode/Desktop/Desktop/VS/Tracker/tests/test_full_system.py:57: LegacyAPIWarning: The Query.get() method is considered legacy as of the 1.x series of SQLAlchemy and becomes a legacy construct in 2.0. The method is now available as Session.get() (deprecated since: 2.0) (Background on SQLAlchemy 2.0 at: https://sqlalche.me/e/b8d9)
  student = User.query.get(student.id) # Re-fetch to bind? Or just update ID
/Users/sunilsinghrathode/Desktop/Desktop/VS/Tracker/app.py:484: LegacyAPIWarning: The Query.get() method is considered legacy as of the 1.x series of SQLAlchemy and becomes a legacy construct in 2.0. The method is now available as Session.get() (deprecated since: 2.0) (Background on SQLAlchemy 2.0 at: https://sqlalche.me/e/b8d9)
  mapping = TeacherClassMapping.query.get(int(mapping_id))
/Users/sunilsinghrathode/Desktop/Desktop/VS/Tracker/app.py:644: LegacyAPIWarning: The Query.get() method is considered legacy as of the 1.x series of SQLAlchemy and becomes a legacy construct in 2.0. The method is now available as Session.get() (deprecated since: 2.0) (Background on SQLAlchemy 2.0 at: https://sqlalche.me/e/b8d9)
  assign = Assignment.query.get(assignment_id)
/opt/anaconda3/lib/python3.11/site-packages/flask_sqlalchemy/query.py:30: LegacyAPIWarning: The Query.get() method is considered legacy as of the 1.x series of SQLAlchemy and becomes a legacy construct in 2.0. The method is now available as Session.get() (deprecated since: 2.0) (Background on SQLAlchemy 2.0 at: https://sqlalche.me/e/b8d9)
  rv = self.get(ident)
F
======================================================================
FAIL: test_full_flow (__main__.TestFullSystem.test_full_flow)
----------------------------------------------------------------------
Traceback (most recent call last):
  File "/Users/sunilsinghrathode/Desktop/Desktop/VS/Tracker/tests/test_full_system.py", line 134, in test_full_flow
    self.assertIn(b'Submission review updated', resp.data)
AssertionError: b'Submission review updated' not found in b'<!DOCTYPE html>\n<html lang="en">\n\n<head>\n    <meta charset="UTF-8">\n    <meta name="viewport" content="width=device-width, initial-scale=1.0">\n    <title>Faculty Dashboard - Academic Submission Tracker</title>\n\n    <!-- Google Fonts -->\n    <link rel="preconnect" href="https://fonts.googleapis.com">\n    <link rel="preconnect" href="https://fonts.gstatic.com" crossorigin>\n    <link href="https://fonts.googleapis.com/css2?family=Outfit:wght@300;400;500;600;700&display=swap" rel="stylesheet">\n\n    <!-- Font Awesome -->\n    <link rel="stylesheet" href="https://cdnjs.cloudflare.com/ajax/libs/font-awesome/6.4.0/css/all.min.css">\n\n    <!-- Custom CSS -->\n    <link rel="stylesheet" href="/static/css/style.css">\n\n    \n</head>\n\n<body>\n    <header class="app-header">\n        <div class="container nav-container">\n            <a href="/" class="brand">\n                <i class="fas fa-graduation-cap"></i>\n                SubmissionTracker\n            </a>\n\n            <nav class="nav-links">\n                \n                \n                <a href="/faculty_dashboard"\n                    class="nav-link active">Dashboard</a>\n                \n\n                <div class="flex items-center gap-4">\n                    <span class="text-muted"><i class="fas fa-user-circle"></i> test_faculty</span>\n                    <a href="/logout" class="btn btn-sm btn-danger">\n                        <i class="fas fa-sign-out-alt"></i> Logout\n                    </a>\n                </div>\n                \n            </nav>\n        </div>\n    </header>\n\n    <main class="container main-content">\n        <!-- Flash Messages -->\n        \n        \n        <div class="flash-messages">\n            \n            <div class="alert alert-success animate-fade-in">\n                <i\n                    class="fas fa-check-circle"></i>\n                Submission reviewed successfully!\n            </div>\n            \n        </div>\n        \n        \n\n        \n<!-- Top Section: Search & Quick Actions -->\n<div class="grid grid-3 mb-4" style="grid-template-columns: 2fr 1fr;">\n    <!-- Search Section -->\n    <div class="card">\n        <div class="card-header">\n            <h2 class="card-title"><i class="fas fa-search"></i> Find Student</h2>\n        </div>\n        <div class="card-body">\n            <form action="/faculty_dashboard" method="get" class="flex gap-2">\n                <input type="text" name="q" class="form-control" placeholder="Search by Name or Roll Number..."\n                    value="">\n                <button type="submit" class="btn btn-primary">\n                    <i class="fas fa-search"></i>\n                </button>\n                \n            </form>\n        </div>\n    </div>\n\n    <!-- Quick Actions -->\n    <div class="card flex justify-center items-center">\n        <a href="/create_assignment" class="btn btn-primary btn-lg w-full text-center">\n            <i class="fas fa-plus-circle"></i> Create New Assignment\n        </a>\n    </div>\n</div>\n\n<!-- Stats Overview - Decongested -->\n<div class="grid grid-4 mb-4">\n    <div class="stat-card">\n        <div>\n            <div class="stat-value">1</div>\n            <div class="stat-label">Total Submissions</div>\n        </div>\n        <div class="stat-icon icon-bg-info">\n            <i class="fas fa-folder-open"></i>\n        </div>\n    </div>\n    <div class="stat-card">\n        <div>\n            <div class="stat-value text-warning">0</div>\n            <div class="stat-label">Pending Review</div>\n        </div>\n        <div class="stat-icon icon-bg-warning">\n            <i class="fas fa-clock"></i>\n        </div>\n    </div>\n    <div class="stat-card">\n        <div>\n            <div class="stat-value text-success">1</div>\n            <div class="stat-label">Reviewed</div>\n        </div>\n        <div class="stat-icon icon-bg-success">\n            <i class="fas fa-check-circle"></i>\n        </div>\n    </div>\n    <div class="stat-card">\n        <div>\n            <div class="stat-value text-danger">0</div>\n            <div class="stat-label">Critical Plagiarism</div>\n        </div>\n        <div class="stat-icon icon-bg-danger">\n            <i class="fas fa-exclamation-triangle"></i>\n        </div>\n    </div>\n</div>\n\n<div class="grid grid-2 mb-4">\n    <!-- Analytics Charts -->\n    <div class="card">\n        <div class="card-header">\n            <h2 class="card-title">Plagiarism Risk Distribution</h2>\n        </div>\n        <div class="card-body" style="height: 300px;">\n            <canvas id="plagiarismChart"></canvas>\n        </div>\n    </div>\n    <div class="card">\n        <div class="card-header">\n            <h2 class="card-title">Submission Status</h2>\n        </div>\n        <div class="card-body" style="height: 300px;">\n            <canvas id="statusChart"></canvas>\n        </div>\n    </div>\n</div>\n\n<!-- Active Assignments List -->\n<div class="card mb-4">\n    <div class="card-header">\n        <h2 class="card-title"><i class="fas fa-clipboard-list"></i> My Active Assignments</h2>\n    </div>\n    <div class="card-body">\n        <div class="table-responsive">\n            <table class="table">\n                <thead>\n                    <tr>\n                        <th>Title</th>\n                        <th>Class</th>\n                        <th>Created At</th>\n                        <th>Deadline</th>\n                        <th>Actions</th>\n                    </tr>\n                </thead>\n                <tbody>\n                    \n                    <tr\n                        class="">\n                        <td class="font-medium">Test Assignment</td>\n                        <td class="font-medium">\n                            <span class="badge badge-info">CS-A</span>\n                        </td>\n                        <td>2026-02-11</td>\n                        <td>\n                            <span class="badge badge-success">\n                                2026-02-12 22:17\n                            </span>\n                        </td>\n                        <td>\n                            <a href="/faculty_dashboard?assignment_id=1#submissions"\n                                class="btn btn-sm btn-secondary">\n                                <i class="fas fa-filter"></i> View Submissions\n                            </a>\n                        </td>\n                    </tr>\n                    \n                </tbody>\n            </table>\n        </div>\n    </div>\n</div>\n\n<!-- Student Submissions Table -->\n<div class="card" id="submissions">\n    <div class="card-header flex justify-between items-center">\n        <h2 class="card-title">\n            <i class="fas fa-file-alt"></i>\n            \n            All Student Submissions\n            \n        </h2>\n        \n    </div>\n    <div class="card-body">\n        \n        <div class="table-responsive">\n            <table class="table">\n                <thead>\n                    <tr>\n                        <th>Student / Roll No</th>\n                        <th>Assignment</th>\n                        <th>Filename</th>\n                        <th>Plagiarism</th>\n                        <th>AI Probability</th>\n                        <th>Status</th>\n                        <th>Submitted At</th>\n                        <th>Actions</th>\n                    </tr>\n                </thead>\n                <tbody>\n                    \n                    <tr>\n                        <td>\n                            <a href="/student/test_student"\n                                class="font-bold text-primary hover:underline">\n                                test_student\n                            </a>\n                        </td>\n                        <td>\n                            <span class="font-medium">Test Assignment</span>\n                            <br>\n                            <span class="text-xs text-muted">CS-A</span>\n                        </td>\n                        <td>test_sub.txt</td>\n                        <td>\n                            \n                            <span\n                                class="badge badge-success">\n                                0.0%\n                            </span>\n                            \n                        </td>\n                        <td>\n                            \n                            <span class="badge badge-neutral">\n                                30.0\n                            </span>\n                            \n                        </td>\n                        <td>\n                            <span class="badge badge-success">\n                                reviewed\n                            </span>\n                            \n                        </td>\n                        <td>2026-02-11 22:17</td>\n                        <td>\n                            <a href="/review_submission/1"\n                                class="btn btn-sm btn-primary">\n                                <i class="fas fa-edit"></i> Review\n                            </a>\n                            <button\n                                onclick="openSubmissionModal(\'/view_submission_file/1\', \'test_sub.txt\')"\n                                class="btn btn-sm btn-info text-white" title="View File">\n                                <i class="fas fa-eye"></i>\n                            </button>\n                        </td>\n                    </tr>\n                    \n                </tbody>\n            </table>\n        </div>\n        \n    </div>\n</div>\n\n<!-- File Viewer Modal -->\n<div id="fileModal" class="fixed inset-0 bg-gray-600 bg-opacity-50 hidden overflow-y-auto h-full w-full"\n    style="z-index: 50;">\n    <div class="relative top-5 mx-auto p-5 border w-11/12 shadow-lg rounded-md bg-white">\n        <div class="flex justify-between items-center mb-4">\n            <h3 class="text-lg font-bold" id="modalTitle">View Submission</h3>\n            <button onclick="closeModal()" class="text-gray-500 hover:text-gray-800">\n                <i class="fas fa-times fa-lg"></i>\n            </button>\n        </div>\n        <div class="mt-2 text-center">\n            <iframe id="fileViewer" src="" class="w-full border rounded" style="height: 80vh;" frameborder="0"></iframe>\n        </div>\n        <div class="mt-4 flex justify-end">\n            <button onclick="closeModal()" class="btn btn-secondary">Close</button>\n        </div>\n    </div>\n</div>\n\n<script>\n    function openSubmissionModal(url, filename) {\n        document.getElementById(\'modalTitle\').innerText = \'Viewing: \' + filename;\n        document.getElementById(\'fileViewer\').src = url;\n        document.getElementById(\'fileModal\').classList.remove(\'hidden\');\n    }\n\n    function closeModal() {\n        document.getElementById(\'fileModal\').classList.add(\'hidden\');\n        document.getElementById(\'fileViewer\').src = \'\'; // Clear src\n    }\n</script>\n\n    </main>\n\n    <footer class="text-center" style="padding: 2rem; color: var(--text-light); font-size: 0.875rem;">\n        <p>&copy; 2024 Academic Submission Tracker. All rights reserved.</p>\n    </footer>\n\n    \n<script src="https://cdn.jsdelivr.net/npm/chart.js"></script>\n<script>\n    // Data passed from Flask\n    const riskData = [1, 0, 0];\n    const statusData = [0, 1];\n\n    // Plagiarism Chart including High Risk logic\n    const ctxPlag = document.getElementById(\'plagiarismChart\').getContext(\'2d\');\n    new Chart(ctxPlag, {\n        type: \'bar\',\n        data: {\n            labels: [\'Safe (<30%)\', \'Moderate (30-60%)\', \'Critical (>60%)\'],\n            datasets: [{\n                label: \'Submissions\',\n                data: riskData,\n                backgroundColor: [\'#10b981\', \'#f59e0b\', \'#ef4444\'],\n                borderRadius: 4,\n                barPercentage: 0.6\n            }]\n        },\n        options: {\n            responsive: true,\n            maintainAspectRatio: false,\n            plugins: {\n                legend: { display: false }\n            },\n            scales: {\n                y: {\n                    beginAtZero: true,\n                    ticks: { stepSize: 1 },\n                    grid: { color: \'#f1f5f9\' }\n                },\n                x: {\n                    grid: { display: false }\n                }\n            }\n        }\n    });\n\n    // Status Chart\n    const ctxStatus = document.getElementById(\'statusChart\').getContext(\'2d\');\n    new Chart(ctxStatus, {\n        type: \'doughnut\',\n        data: {\n            labels: [\'Pending Review\', \'Reviewed\'],\n            datasets: [{\n                data: statusData,\n                backgroundColor: [\'#f59e0b\', \'#3b82f6\'],\n                borderWidth: 0,\n                hoverOffset: 4\n            }]\n        },\n        options: {\n            responsive: true,\n            maintainAspectRatio: false,\n            cutout: \'70%\',\n            plugins: {\n                legend: { position: \'bottom\' }\n            }\n        }\n    });\n</script>\n\n</body>\n\n</html>'

----------------------------------------------------------------------
Ran 1 test in 1.853s

FAILED (failures=1)
Warning: Extracted text is low confidence.
